2014-10-17 GIT VERSION MNG OF AN ECLIPSE MAVEN PROJECT
------------------------------------------------------
Guide: http://git-scm.com/book
My GIT URL: https://github.com/paarnio/
paarnio/h_1_o

GIT COMMANDS ON GIT SHELL COMMAND LINE TOOL:
-------------------------------------------
AT work pc auttpc-023

START
-----
Start Git shell (icon in my desktop)
>cd maven_git_xml #Eclipse project folder at my work pc

Creating local git repository
----------------------------
>git init
Initialized empty Git repository in C:/javaopenlab/ecl_work_luna/2014/maven_git_
xml/.git/
C:\javaopenlab\ecl_work_luna\2014\maven_git_xml [master +6 ~0 -0 !]>

>git add *.txt
C:\javaopenlab\ecl_work_luna\2014\maven_git_xml [master +2 ~0 -0 | +8 ~0 -0 !]>

>git status
On branch master

Initial commit

Changes to be committed:
  (use "git rm --cached <file>..." to unstage)

      new file:   src/main/resources/docs/git_versioning_commands.txt
      new file:   target/classes/docs/git_versioning_commands.txt

Changes not staged for commit:
  (use "git add <file>..." to update what will be committed)
  (use "git checkout -- <file>..." to discard changes in working directory)

      modified:   src/main/resources/docs/git_versioning_commands.txt
      modified:   target/classes/docs/git_versioning_commands.txt

Untracked files:
  (use "git add <file>..." to include in what will be committed)

      .classpath
      .project
      .settings/
      pom.xml
      src/main/java/
      src/main/resources/xmlfiles/
      target/classes/siima/
      target/classes/xmlfiles/
\javaopenlab\ecl_work_luna\2014\maven_git_xml [master +2 ~0 -0 | +8 ~2 -0 !]>


Creating .gitignore file
------------------------
"To create/rename on windows explorer, just rename to .name. 
- The additional dot at the end is necessary, and will be removed by Windows Explorer."
>cat .gitignore
# ignoring all .class ~temp and .log files
*.class
*~
*.log
#ignore all files in the target/ directory
target/

Removing Files
--------------
(resources folder was a wrong place for the doc files)
"To remove a file from Git, you have to remove it from your tracked files 
(more accurately, remove it from your staging area) and then commit. 
The git rm command does that and also removes the file from your working 
directory so you don’t see it as an untracked file next time around."
(Copy file to temp location docs/git_versioning_commands.txt before remove operation)

>git rm -f src/main/resources/docs/git_versioning_commands.txt
>git rm -f target/classes/docs/git_versioning_commands.txt

C:\javaopenlab\ecl_work_luna\2014\maven_git_xml [master +6 ~0 -0 !]> git status
# On branch master
#
# Initial commit
#
# Untracked files:
#   (use "git add <file>..." to include in what will be committed)
#
#       .classpath
#       .gitignore
#       .project
#       .settings/
#       pom.xml
#       src/
nothing added to commit but untracked files present (use "git add" to track)
C:\javaopenlab\ecl_work_luna\2014\maven_git_xml [master +6 ~0 -0 !]>

Copying file
-----------
Copying file from temp location to the project root docs/git_versioning_commands.txt

Add folders with content
------------------------
>git add src/
C:\javaopenlab\ecl_work_luna\2014\maven_git_xml [master +8 ~0 -0 | +1 ~0 -0 !]>
>git status
# On branch master
#
# Initial commit
#
# Changes to be committed:
#   (use "git rm --cached <file>..." to unstage)
#
#       new file:   .classpath
#       new file:   .gitignore
#       new file:   .project
#       new file:   .settings/org.eclipse.jdt.core.prefs
#       new file:   .settings/org.eclipse.m2e.core.prefs
#       new file:   docs/git_versioning_commands.txt
#       new file:   src/main/java/siima/examples/xml/xpath/XPathQueryExample.jav
a
#       new file:   src/main/resources/xmlfiles/employees.xml
#
# Untracked files:
#   (use "git add <file>..." to include in what will be committed)
#
#       pom.xml
C:\javaopenlab\ecl_work_luna\2014\maven_git_xml [master +8 ~0 -0 | +1 ~0 -0 !]>

>git add *.xml

C:\javaopenlab\ecl_work_luna\2014\maven_git_xml [master +9 ~0 -0]> git status
# On branch master
#
# Initial commit
#
# Changes to be committed:
#   (use "git rm --cached <file>..." to unstage)
#
#       new file:   .classpath
#       new file:   .gitignore
#       new file:   .project
#       new file:   .settings/org.eclipse.jdt.core.prefs
#       new file:   .settings/org.eclipse.m2e.core.prefs
#       new file:   docs/git_versioning_commands.txt
#       new file:   pom.xml
#       new file:   src/main/java/siima/examples/xml/xpath/XPathQueryExample.jav
a
#       new file:   src/main/resources/xmlfiles/employees.xml
#
C:\javaopenlab\ecl_work_luna\2014\maven_git_xml [master +9 ~0 -0]>

NOW ready to commit
-------------------

>git commit -m 'initial project version'
---- First Commit done ----
===============================================================
C:\javaopenlab\ecl_work_luna\2014\maven_git_xml [master +9 ~0 -0]> git commit -m
 "Initial project commit 2014-10-17 at work pc autt-023"
[master (root-commit) 119a4fa] Initial project commit 2014-10-17 at work pc autt
-023
 9 files changed, 365 insertions(+)
 create mode 100644 .classpath
 create mode 100644 .gitignore
 create mode 100644 .project
 create mode 100644 .settings/org.eclipse.jdt.core.prefs
 create mode 100644 .settings/org.eclipse.m2e.core.prefs
 create mode 100644 docs/git_versioning_commands.txt
 create mode 100644 pom.xml
 create mode 100644 src/main/java/siima/examples/xml/xpath/XPathQueryExample.jav
a
 create mode 100644 src/main/resources/xmlfiles/employees.xml
C:\javaopenlab\ecl_work_luna\2014\maven_git_xml [master]>

GIT LOG
----------

C:\javaopenlab\ecl_work_luna\2014\maven_git_xml [master]> git log
commit 119a4faf8f9044f09058d006eaa4e76be0073a1f
Author: paarnio <pekka.aarnio@aalto.fi>
Date:   Fri Oct 17 12:15:43 2014 +0300

    Initial project commit 2014-10-17 at work pc autt-023
C:\javaopenlab\ecl_work_luna\2014\maven_git_xml [master +0 ~1 -0]>

CREATE REMOTE REPOSITORY USING WEB BROWSER
------------------------------------------
VPA: Create first a new remote repository using web browser:
URL: https://github.com/paarnio/
Login: paarnio/h_1_o
Create new repository: name:maven_git_xml
=> new repository path: https://github.com/paarnio/maven_git_xml.git 

After it has been created
Adding remote repositories
--------------------------
"To add a new remote Git repository as a shortname you can reference easily, 
run git remote add [shortname] [url]:"

>git remote add vpanew https://github.com/paarnio/maven_git_xml.git

C:\javaopenlab\ecl_work_luna\2014\maven_git_xml [master]> git remote add vpanew
https://github.com/paarnio/maven_git_xml.git

Pushing to Your Remotes
-----------------------
When you have your project at a point that you want to share, 
you have to push it upstream. 
The command for this is simple: git push [remote-name] [branch-name].

C:\javaopenlab\ecl_work_luna\2014\maven_git_xml [master]> git push vpanew master

Counting objects: 26, done.
Delta compression using up to 4 threads.
Compressing objects: 100% (19/19), done.
Writing objects: 100% (26/26), 5.39 KiB | 0 bytes/s, done.
Total 26 (delta 2), reused 0 (delta 0)
To https://github.com/paarnio/maven_git_xml.git
 * [new branch]      master -> master
C:\javaopenlab\ecl_work_luna\2014\maven_git_xml [master]> git remote
origin
vpanew  https://github.com/paarnio/maven_git_xml.git (fetch)
vpanew  https://github.com/paarnio/maven_git_xml.git (push)
C:\javaopenlab\ecl_work_luna\2014\maven_git_xml [master]>

CHECK THE NEW REMOTE REPOSITORY USING WEB BROWSER
-------------------------------------------------

go to url: https://github.com/paarnio/maven_git_xml

=>

Second commit before pushing to remote vpamaven
latest commit 0c6f3a9997
paarnio paarnio authored an hour ago
	.settings 	Initial project commit 2014-10-17 at work pc autt-023 	2 hours ago
	docs 	Second commit before pushing to remote vpamaven 	an hour ago
	src/main 	Initial project commit 2014-10-17 at work pc autt-023 	2 hours ago
	.classpath 	Initial project commit 2014-10-17 at work pc autt-023 	2 hours ago
	.gitignore 	Initial project commit 2014-10-17 at work pc autt-023 	2 hours ago
	.project 	Initial project commit 2014-10-17 at work pc autt-023 	2 hours ago
	pom.xml 	Initial project commit 2014-10-17 at work pc autt-023 	2 hours ago

--------------------
Add+commit+push these final changes in this file to remote repository:

>git add *.txt
<git status
>git commit -m "Committing changes in git_versioning_commands.txt"
>git push vpanew master

"VPA: Have a nice weekend. Then try to clone this project to HP at home."
===================================================================================
